// Jest Snapshot v1, https://goo.gl/fbAQLP

exports[`<Header /> should render a div 1`] = `
<div>
  <nav
    class="Wrapper-lgt463-0 bHlnty"
  >
    <a
      class="LogoLink-sc-8el65a-0 ihCAHX"
      href="/"
    >
      <span>
        IMDb
      </span>
    </a>
  </nav>
</div>
`;
