// Jest Snapshot v1, https://goo.gl/fbAQLP

exports[`<Footer /> should render and match the snapshot 1`] = `
<footer
  className="Wrapper-wcfdfo-0 bZvgwE"
>
  <div
    className="Inner-sc-2jknrm-0 gWedhJ"
  >
    <div
      className="FooterLinks-sc-480whj-0 cEnGsE"
    >
      <div
        className="Wrapper-sc-86rpyn-0 ffPswK"
      >
        <a
          className="SocialLink-v62gqj-0 iDUebN"
          href="/"
        >
          <svg
            role="img"
            viewBox="0 0 194.818 194.818"
            xmlns="http://www.w3.org/2000/svg"
          >
            <title>
              External
            </title>
            <g>
              <path
                d="M185.818,2.161h-57.04c-4.971,0-9,4.029-9,9s4.029,9,9,9h35.312l-86.3,86.3c-3.515,3.515-3.515,9.213,0,12.728 c1.758,1.757,4.061,2.636,6.364,2.636s4.606-0.879,6.364-2.636l86.3-86.3v35.313c0,4.971,4.029,9,9,9s9-4.029,9-9v-57.04 C194.818,6.19,190.789,2.161,185.818,2.161z"
              />
              <path
                d="M149,77.201c-4.971,0-9,4.029-9,9v88.456H18v-122h93.778c4.971,0,9-4.029,9-9s-4.029-9-9-9H9c-4.971,0-9,4.029-9,9v140 c0,4.971,4.029,9,9,9h140c4.971,0,9-4.029,9-9V86.201C158,81.23,153.971,77.201,149,77.201z"
              />
            </g>
          </svg>
        </a>
        <a
          className="SocialLink-v62gqj-0 iDUebN"
          href="/"
        >
          <svg
            role="img"
            viewBox="0 0 512 512"
            xmlns="http://www.w3.org/2000/svg"
          >
            <title>
              Instagram
            </title>
            <g>
              <g>
                <path
                  d="M352,0H160C71.648,0,0,71.648,0,160v192c0,88.352,71.648,160,160,160h192c88.352,0,160-71.648,160-160V160 C512,71.648,440.352,0,352,0z M464,352c0,61.76-50.24,112-112,112H160c-61.76,0-112-50.24-112-112V160C48,98.24,98.24,48,160,48 h192c61.76,0,112,50.24,112,112V352z"
                />
              </g>
            </g>
            <g>
              <g>
                <path
                  d="M256,128c-70.688,0-128,57.312-128,128s57.312,128,128,128s128-57.312,128-128S326.688,128,256,128z M256,336 c-44.096,0-80-35.904-80-80c0-44.128,35.904-80,80-80s80,35.872,80,80C336,300.096,300.096,336,256,336z"
                />
              </g>
            </g>
            <g>
              <g>
                <circle
                  cx="393.6"
                  cy="118.4"
                  r="17.056"
                />
              </g>
            </g>
          </svg>
        </a>
        <a
          className="SocialLink-v62gqj-0 iDUebN"
          href="/"
        >
          <svg
            role="img"
            viewBox="0 0 512.001 512.001"
            x="0px"
            xmlns="http://www.w3.org/2000/svg"
            y="0px"
          >
            <title>
              Google Play Store
            </title>
            <path
              d="M464.252,212.09L99.624,8.07C84.247-1.873,64.754-2.691,48.574,5.967C32.183,14.74,22,31.737,22,50.329v411.342 c0,18.592,10.183,35.59,26.573,44.361c16.097,8.617,35.593,7.891,51.052-2.101l364.628-204.022 c16.121-9.02,25.747-25.435,25.747-43.908C490,237.527,480.374,221.111,464.252,212.09z M341.677,181.943l-50.339,50.339 L113.108,54.051L341.677,181.943z M55.544,467.323V44.676L267.621,256L55.544,467.323z M113.108,457.949l178.232-178.231 l50.339,50.339L113.108,457.949z M447.874,270.637l-75.779,42.401l-57.038-57.037l57.037-57.037l75.778,42.4 c7.746,4.335,8.583,11.68,8.583,14.637C456.455,258.958,455.62,266.302,447.874,270.637z"
            />
          </svg>
        </a>
        <a
          className="SocialLink-v62gqj-0 iDUebN"
          href="/"
        >
          <svg
            role="img"
            viewBox="0 0 612 612"
            xmlns="http://www.w3.org/2000/svg"
          >
            <title>
              Twitter
            </title>
            <path
              d="M612,116.258c-22.525,9.981-46.694,16.75-72.088,19.772c25.929-15.527,45.777-40.155,55.184-69.411 c-24.322,14.379-51.169,24.82-79.775,30.48c-22.907-24.437-55.49-39.658-91.63-39.658c-69.334,0-125.551,56.217-125.551,125.513 c0,9.828,1.109,19.427,3.251,28.606C197.065,206.32,104.556,156.337,42.641,80.386c-10.823,18.51-16.98,40.078-16.98,63.101 c0,43.559,22.181,81.993,55.835,104.479c-20.575-0.688-39.926-6.348-56.867-15.756v1.568c0,60.806,43.291,111.554,100.693,123.104 c-10.517,2.83-21.607,4.398-33.08,4.398c-8.107,0-15.947-0.803-23.634-2.333c15.985,49.907,62.336,86.199,117.253,87.194 c-42.947,33.654-97.099,53.655-155.916,53.655c-10.134,0-20.116-0.612-29.944-1.721c55.567,35.681,121.536,56.485,192.438,56.485 c230.948,0,357.188-191.291,357.188-357.188l-0.421-16.253C573.872,163.526,595.211,141.422,612,116.258z"
            />
          </svg>
        </a>
        <a
          className="SocialLink-v62gqj-0 iDUebN"
          href="/"
        >
          <svg
            role="img"
            viewBox="0 0 430.117 430.117"
            xmlns="http://www.w3.org/2000/svg"
          >
            <title>
              LinkedIn
            </title>
            <path
              d="M430.117,261.543V420.56h-92.188V272.193c0-37.271-13.334-62.707-46.703-62.707 c-25.473,0-40.632,17.142-47.301,33.724c-2.432,5.928-3.058,14.179-3.058,22.477V420.56h-92.219c0,0,1.242-251.285,0-277.32h92.21 v39.309c-0.187,0.294-0.43,0.611-0.606,0.896h0.606v-0.896c12.251-18.869,34.13-45.824,83.102-45.824 C384.633,136.724,430.117,176.361,430.117,261.543z M52.183,9.558C20.635,9.558,0,30.251,0,57.463 c0,26.619,20.038,47.94,50.959,47.94h0.616c32.159,0,52.159-21.317,52.159-47.94C103.128,30.251,83.734,9.558,52.183,9.558z M5.477,420.56h92.184v-277.32H5.477V420.56z"
            />
          </svg>
        </a>
        <a
          className="SocialLink-v62gqj-0 iDUebN"
          href="/"
        >
          <svg
            role="img"
            viewBox="0 0 194.818 194.818"
            xmlns="http://www.w3.org/2000/svg"
          >
            <title>
              External
            </title>
            <g>
              <path
                d="M185.818,2.161h-57.04c-4.971,0-9,4.029-9,9s4.029,9,9,9h35.312l-86.3,86.3c-3.515,3.515-3.515,9.213,0,12.728 c1.758,1.757,4.061,2.636,6.364,2.636s4.606-0.879,6.364-2.636l86.3-86.3v35.313c0,4.971,4.029,9,9,9s9-4.029,9-9v-57.04 C194.818,6.19,190.789,2.161,185.818,2.161z"
              />
              <path
                d="M149,77.201c-4.971,0-9,4.029-9,9v88.456H18v-122h93.778c4.971,0,9-4.029,9-9s-4.029-9-9-9H9c-4.971,0-9,4.029-9,9v140 c0,4.971,4.029,9,9,9h140c4.971,0,9-4.029,9-9V86.201C158,81.23,153.971,77.201,149,77.201z"
              />
            </g>
          </svg>
        </a>
      </div>
      <ul
        className="FooterNav-sc-15x8j48-0 dDisaP"
      >
        <li
          className="FooterItem-sc-1c6w7y7-0 jURWOB"
        >
          <a
            className="FooterLink-sc-1gbpsk1-0 jCHfhD"
            href="."
          >
            <span>
              Get the IMDb App
            </span>
          </a>
        </li>
        <li
          className="FooterItem-sc-1c6w7y7-0 jURWOB"
        >
          <a
            className="FooterLink-sc-1gbpsk1-0 jCHfhD"
            href="."
          >
            <span>
              Help
            </span>
          </a>
        </li>
        <li
          className="FooterItem-sc-1c6w7y7-0 jURWOB"
        >
          <a
            className="FooterLink-sc-1gbpsk1-0 jCHfhD"
            href="."
          >
            <span>
              Site Index
            </span>
          </a>
        </li>
        <li
          className="FooterItem-sc-1c6w7y7-0 jURWOB"
        >
          <a
            className="FooterLink-sc-1gbpsk1-0 jCHfhD"
            href="."
          >
            <span>
              IMDbPro
            </span>
          </a>
        </li>
        <li
          className="FooterItem-sc-1c6w7y7-0 jURWOB"
        >
          <a
            className="FooterLink-sc-1gbpsk1-0 jCHfhD"
            href="."
          >
            <span>
              Box Office Mojo
            </span>
          </a>
        </li>
        <li
          className="FooterItem-sc-1c6w7y7-0 jURWOB"
        >
          <a
            className="FooterLink-sc-1gbpsk1-0 jCHfhD"
            href="."
          >
            <span>
              IMDb Developer
            </span>
          </a>
        </li>
        <li
          className="FooterItem-sc-1c6w7y7-0 jURWOB"
        >
          <a
            className="FooterLink-sc-1gbpsk1-0 jCHfhD"
            href="."
          >
            <span>
              Press Room
            </span>
          </a>
        </li>
        <li
          className="FooterItem-sc-1c6w7y7-0 jURWOB"
        >
          <a
            className="FooterLink-sc-1gbpsk1-0 jCHfhD"
            href="."
          >
            <span>
              Advertising
            </span>
          </a>
        </li>
        <li
          className="FooterItem-sc-1c6w7y7-0 jURWOB"
        >
          <a
            className="FooterLink-sc-1gbpsk1-0 jCHfhD"
            href="."
          >
            <span>
              Jobs
            </span>
          </a>
        </li>
        <li
          className="FooterItem-sc-1c6w7y7-0 jURWOB"
        >
          <a
            className="FooterLink-sc-1gbpsk1-0 jCHfhD"
            href="."
          >
            <span>
              Conditions of Use
            </span>
          </a>
        </li>
        <li
          className="FooterItem-sc-1c6w7y7-0 jURWOB"
        >
          <a
            className="FooterLink-sc-1gbpsk1-0 jCHfhD"
            href="."
          >
            <span>
              Privacy Policy
            </span>
          </a>
        </li>
        <li
          className="FooterItem-sc-1c6w7y7-0 jURWOB"
        >
          <a
            className="FooterLink-sc-1gbpsk1-0 jCHfhD"
            href="."
          >
            <span>
              Interest-Based Ads
            </span>
          </a>
        </li>
      </ul>
    </div>
    <div
      className="FooterLogo-ejxje-0 cMqePI"
    >
      an amazon company
    </div>
    <p
      className="Copyright-t9gbre-0 kWrhgJ"
    >
      <span>
        This project is licensed under the MIT license.
      </span>
    </p>
  </div>
</footer>
`;
